// Jest Snapshot v1, https://goo.gl/fbAQLP

exports[`views ShowPage UI should match the snapshot when loading 1`] = `
<SplitPageLayout
  imageUrl="/assets/images/404.png"
>
  <Details
    name=""
    summary=""
  />
  <WithStyles(ForwardRef(Typography))
    variant="h5"
  >
    EPISODE LIST:
  </WithStyles(ForwardRef(Typography))>
  <EpisodeList
    episodes={Array []}
  />
</SplitPageLayout>
`;
