// Jest Snapshot v1, https://goo.gl/fbAQLP

exports[`components EpisodeItem UI should match the snapshot 1`] = `
<WithStyles(ForwardRef(ListItem))
  alignItems="flex-start"
>
  <StyledLink
    to="/episode/123"
  >
    <WithStyles(ForwardRef(ListItemText))
      primary="1.1 name"
    />
  </StyledLink>
</WithStyles(ForwardRef(ListItem))>
`;
