// Jest Snapshot v1, https://goo.gl/fbAQLP

exports[`components EpisodeList UI should match the snapshot 1`] = `
<WithStyles(ForwardRef(List))
  dense={true}
>
  <EpisodeItem
    episode={
      Object {
        "id": 123,
        "name": "name",
        "number": 1,
        "season": 1,
        "url": "test url",
      }
    }
    key="123"
  />
</WithStyles(ForwardRef(List))>
`;
